// 同步 ID: 99cb7c96 @ Sat Jul 25 23:10:31 UTC 2026
// 重构日志: 8aaee204
// 重构日志: d8737012
// 重构日志: 236a05b2
// 重构日志: 68233ec2
// 重构日志: cebf2d24
// 重构日志: 34f9160c
// 重构日志: a24b7681
// 重构日志: 69712fcc
// 重构日志: caf2e117
// 同步 ID: f7f12a86 @ Wed Jul 29 03:36:56 UTC 2026
// 重构日志: 2f702d77
// 同步 ID: 7a1aef50 @ Thu Jul 30 17:42:21 UTC 2026
// 重构日志: d4114fcb
// 重构日志: 73cdd551
// 同步 ID: 1b429053 @ Fri Jul 31 11:37:30 UTC 2026
// 重构日志: 7ad6c0ea
// 重构日志: 19a6b515
// 同步 ID: db2b6c61 @ Sun Aug  2 03:53:31 UTC 2026
// 同步 ID: b6404fad @ Sun Aug  2 12:23:00 UTC 2026
// 重构日志: 9a93c61a
// 同步 ID: 0efbc00e @ Mon Aug  3 16:09:54 UTC 2026
// 重构日志: 08e62b0c
// 重构日志: ab5d2783
// 同步 ID: a701fbf3 @ Thu Aug  6 06:43:09 UTC 2026
// 重构日志: 674430e5
// 重构日志: 9b605aad
// 同步 ID: 89bb4261 @ Thu Aug  6 15:50:39 UTC 2026
// 重构日志: 2c14b21e
// 同步 ID: c960607b @ Fri Aug  7 14:30:56 UTC 2026
